Archive member included to satisfy reference by file (symbol)

c:/program files (x86)/arduino/hardware/tools/avr/bin/../lib/gcc/avr/5.4.0/avr5\libgcc.a(_udivmodhi4.o)
                              FAT32.o (__udivmodhi4)
c:/program files (x86)/arduino/hardware/tools/avr/bin/../lib/gcc/avr/5.4.0/avr5\libgcc.a(_udivmodsi4.o)
                              FAT32.o (__udivmodsi4)
c:/program files (x86)/arduino/hardware/tools/avr/bin/../lib/gcc/avr/5.4.0/avr5\libgcc.a(_exit.o)
                              c:/program files (x86)/arduino/hardware/tools/avr/bin/../lib/gcc/avr/5.4.0/../../../../avr/lib/avr5/crtatmega328p.o (exit)
c:/program files (x86)/arduino/hardware/tools/avr/bin/../lib/gcc/avr/5.4.0/avr5\libgcc.a(_copy_data.o)
                              main.o (__do_copy_data)
c:/program files (x86)/arduino/hardware/tools/avr/bin/../lib/gcc/avr/5.4.0/avr5\libgcc.a(_clear_bss.o)
                              main.o (__do_clear_bss)
c:/program files (x86)/arduino/hardware/tools/avr/bin/../lib/gcc/avr/5.4.0/avr5\libgcc.a(_umulhisi3.o)
                              FAT32.o (__umulhisi3)
c:/program files (x86)/arduino/hardware/tools/avr/bin/../lib/gcc/avr/5.4.0/avr5\libgcc.a(_muluhisi3.o)
                              main.o (__muluhisi3)
c:/program files (x86)/arduino/hardware/tools/avr/bin/../lib/gcc/avr/5.4.0/../../../../avr/lib/avr5\libc.a(strcpy_P.o)
                              main.o (strcpy_P)
c:/program files (x86)/arduino/hardware/tools/avr/bin/../lib/gcc/avr/5.4.0/../../../../avr/lib/avr5\libc.a(strncmp_P.o)
                              main.o (strncmp_P)
c:/program files (x86)/arduino/hardware/tools/avr/bin/../lib/gcc/avr/5.4.0/../../../../avr/lib/avr5\libc.a(memcmp.o)
                              main.o (memcmp)
c:/program files (x86)/arduino/hardware/tools/avr/bin/../lib/gcc/avr/5.4.0/../../../../avr/lib/avr5\libc.a(strlcpy.o)
                              main.o (strlcpy)
c:/program files (x86)/arduino/hardware/tools/avr/bin/../lib/gcc/avr/5.4.0/../../../../avr/lib/avr5\libc.a(itoa_ncheck.o)
                              lcd.o (__itoa_ncheck)
c:/program files (x86)/arduino/hardware/tools/avr/bin/../lib/gcc/avr/5.4.0/../../../../avr/lib/avr5\libc.a(ltoa_ncheck.o)
                              lcd.o (__ltoa_ncheck)
c:/program files (x86)/arduino/hardware/tools/avr/bin/../lib/gcc/avr/5.4.0/../../../../avr/lib/avr5\libc.a(ultoa_ncheck.o)
                              c:/program files (x86)/arduino/hardware/tools/avr/bin/../lib/gcc/avr/5.4.0/../../../../avr/lib/avr5\libc.a(ltoa_ncheck.o) (__ultoa_common)
c:/program files (x86)/arduino/hardware/tools/avr/bin/../lib/gcc/avr/5.4.0/../../../../avr/lib/avr5\libc.a(utoa_ncheck.o)
                              c:/program files (x86)/arduino/hardware/tools/avr/bin/../lib/gcc/avr/5.4.0/../../../../avr/lib/avr5\libc.a(itoa_ncheck.o) (__utoa_common)
c:/program files (x86)/arduino/hardware/tools/avr/bin/../lib/gcc/avr/5.4.0/../../../../avr/lib/avr5\libc.a(strrev.o)
                              c:/program files (x86)/arduino/hardware/tools/avr/bin/../lib/gcc/avr/5.4.0/../../../../avr/lib/avr5\libc.a(ultoa_ncheck.o) (strrev)
c:/program files (x86)/arduino/hardware/tools/avr/bin/../lib/gcc/avr/5.4.0/../../../../avr/lib/avr5\libatmega328p.a(eerd_byte.o)
                              main.o (eeprom_read_byte)
c:/program files (x86)/arduino/hardware/tools/avr/bin/../lib/gcc/avr/5.4.0/../../../../avr/lib/avr5\libatmega328p.a(eewr_byte.o)
                              main.o (eeprom_write_byte)

Allocating common symbols
Common symbol       size              file

sectors             0x5               main.o
FAT_firstDataSector
                    0x4               FAT32.o
FAT_partitionType   0x1               FAT32.o
FAT_sectorOfRootDirectory
                    0x4               FAT32.o
buffNum             0x1               main.o
shift               0x1               SD_routines.o
tracks              0x5               main.o
old_trk             0x1               main.o
long_cluster        0x2               main.o
FAT_sectorOfCurrentDirectory
                    0x4               FAT32.o
formatting          0x1               main.o
fast                0x1               SPI_routines.o
writeData           0x6d6             main.o
SD_speed            0x1               SD_routines.o
FAT_bytesPerSector  0x2               FAT32.o
errorCode           0x1               SPI_routines.o
FAT_offset          0x4               FAT32.o
bitbyte             0x2               main.o
lastBlockRead       0x4               SD_routines.o
sector              0x1               main.o
buffer              0x2               SD_routines.o
ft                  0x4               main.o
flip_buttons        0x1               main.o
magState            0x1               main.o
long_sector         0x2               main.o
SDHC_flag           0x1               SD_routines.o
lcd_contrast        0x1               main.o
files_id            0x2               main.o
count               0x1               SD_routines.o
FAT_sectorsPerCluster
                    0x1               FAT32.o
SD_version          0x1               SD_routines.o
ph_track            0x1               main.o
prepare             0x1               main.o
writePtr            0x2               main.o
FAT_sectorsPerClusterBitShift
                    0x1               FAT32.o
res                 0x1               SD_routines.o
fatNic              0x28              main.o
protect             0x1               main.o
readPulse           0x1               main.o
ch                  0x1               SD_routines.o
inited              0x1               main.o
trk                 0x1               main.o

Memory Configuration

Name             Origin             Length             Attributes
text             0x00000000         0x00020000         xr
data             0x00800060         0x0000ffa0         rw !x
eeprom           0x00810000         0x00010000         rw !x
fuse             0x00820000         0x00000003         rw !x
lock             0x00830000         0x00000400         rw !x
signature        0x00840000         0x00000400         rw !x
user_signatures  0x00850000         0x00000400         rw !x
*default*        0x00000000         0xffffffff

Linker script and memory map

Address of section .data set to 0x800100
LOAD c:/program files (x86)/arduino/hardware/tools/avr/bin/../lib/gcc/avr/5.4.0/../../../../avr/lib/avr5/crtatmega328p.o
LOAD main.o
LOAD lcd.o
LOAD SPI_routines.o
LOAD SD_routines.o
LOAD FAT32.o
LOAD sub.o
START GROUP
LOAD c:/program files (x86)/arduino/hardware/tools/avr/bin/../lib/gcc/avr/5.4.0/avr5\libgcc.a
LOAD c:/program files (x86)/arduino/hardware/tools/avr/bin/../lib/gcc/avr/5.4.0/../../../../avr/lib/avr5\libm.a
LOAD c:/program files (x86)/arduino/hardware/tools/avr/bin/../lib/gcc/avr/5.4.0/../../../../avr/lib/avr5\libc.a
LOAD c:/program files (x86)/arduino/hardware/tools/avr/bin/../lib/gcc/avr/5.4.0/../../../../avr/lib/avr5\libatmega328p.a
END GROUP
                0x00020000                __TEXT_REGION_LENGTH__ = DEFINED (__TEXT_REGION_LENGTH__)?__TEXT_REGION_LENGTH__:0x20000
                0x0000ffa0                __DATA_REGION_LENGTH__ = DEFINED (__DATA_REGION_LENGTH__)?__DATA_REGION_LENGTH__:0xffa0
                0x00010000                __EEPROM_REGION_LENGTH__ = DEFINED (__EEPROM_REGION_LENGTH__)?__EEPROM_REGION_LENGTH__:0x10000
                [0x00000003]                __FUSE_REGION_LENGTH__ = DEFINED (__FUSE_REGION_LENGTH__)?__FUSE_REGION_LENGTH__:0x400
                0x00000400                __LOCK_REGION_LENGTH__ = DEFINED (__LOCK_REGION_LENGTH__)?__LOCK_REGION_LENGTH__:0x400
                0x00000400                __SIGNATURE_REGION_LENGTH__ = DEFINED (__SIGNATURE_REGION_LENGTH__)?__SIGNATURE_REGION_LENGTH__:0x400
                0x00000400                __USER_SIGNATURE_REGION_LENGTH__ = DEFINED (__USER_SIGNATURE_REGION_LENGTH__)?__USER_SIGNATURE_REGION_LENGTH__:0x400

.hash
 *(.hash)

.dynsym
 *(.dynsym)

.dynstr
 *(.dynstr)

.gnu.version
 *(.gnu.version)

.gnu.version_d
 *(.gnu.version_d)

.gnu.version_r
 *(.gnu.version_r)

.rel.init
 *(.rel.init)

.rela.init
 *(.rela.init)

.rel.text
 *(.rel.text)
 *(.rel.text.*)
 *(.rel.gnu.linkonce.t*)

.rela.text
 *(.rela.text)
 *(.rela.text.*)
 *(.rela.gnu.linkonce.t*)

.rel.fini
 *(.rel.fini)

.rela.fini
 *(.rela.fini)

.rel.rodata
 *(.rel.rodata)
 *(.rel.rodata.*)
 *(.rel.gnu.linkonce.r*)

.rela.rodata
 *(.rela.rodata)
 *(.rela.rodata.*)
 *(.rela.gnu.linkonce.r*)

.rel.data
 *(.rel.data)
 *(.rel.data.*)
 *(.rel.gnu.linkonce.d*)

.rela.data
 *(.rela.data)
 *(.rela.data.*)
 *(.rela.gnu.linkonce.d*)

.rel.ctors
 *(.rel.ctors)

.rela.ctors
 *(.rela.ctors)

.rel.dtors
 *(.rel.dtors)

.rela.dtors
 *(.rela.dtors)

.rel.got
 *(.rel.got)

.rela.got
 *(.rela.got)

.rel.bss
 *(.rel.bss)

.rela.bss
 *(.rela.bss)

.rel.plt
 *(.rel.plt)

.rela.plt
 *(.rela.plt)

.text           0x00000000     0x2fe6
 *(.vectors)
 .vectors       0x00000000       0x68 c:/program files (x86)/arduino/hardware/tools/avr/bin/../lib/gcc/avr/5.4.0/../../../../avr/lib/avr5/crtatmega328p.o
                0x00000000                __vector_default
                0x00000000                __vectors
 *(.vectors)
 *(.progmem.gcc*)
                0x00000068                . = ALIGN (0x2)
                0x00000068                __trampolines_start = .
 *(.trampolines)
 .trampolines   0x00000068        0x0 linker stubs
 *(.trampolines*)
                0x00000068                __trampolines_end = .
 *libprintf_flt.a:*(.progmem.data)
 *libc.a:*(.progmem.data)
 *(.progmem*)
 .progmem.data  0x00000068      0x162 main.o
                0x0000006a                stepper_table
                0x0000006e                CFG
                0x0000007a                SDOUT
                0x00000089                FAT1
                0x0000008f                FAT3
                0x00000095                PART
                0x0000009c                ERMC
                0x000000a3                ERM7
                0x000000b2                ERM6
                0x000000c1                ERM5
                0x000000d0                ERM4
                0x000000df                ERM3
                0x000000ee                ERM2
                0x000000fd                ERM1
                0x0000010c                ERR
                0x00000116                MSSD
                0x00000127                MSHC
                0x00000138                MSGD
                0x00000149                MSG8
                0x0000015a                MSGC
                0x0000016b                MSG7
                0x0000017c                TRAK
                0x00000181                SPE1
                0x00000191                SPE0
                0x00000199                EMP
                0x000001aa                NIC
                0x000001b0                SPLASH2
                0x000001c1                SPLASH1
                0x000001ca                . = ALIGN (0x2)
 *(.jumptables)
 *(.jumptables*)
 *(.lowtext)
 *(.lowtext*)
                0x000001ca                __ctors_start = .
 *(.ctors)
                0x000001ca                __ctors_end = .
                0x000001ca                __dtors_start = .
 *(.dtors)
                0x000001ca                __dtors_end = .
 SORT(*)(.ctors)
 SORT(*)(.dtors)
 *(.init0)
 .init0         0x000001ca        0x0 c:/program files (x86)/arduino/hardware/tools/avr/bin/../lib/gcc/avr/5.4.0/../../../../avr/lib/avr5/crtatmega328p.o
                0x000001ca                __init
 *(.init0)
 *(.init1)
 *(.init1)
 *(.init2)
 .init2         0x000001ca        0xc c:/program files (x86)/arduino/hardware/tools/avr/bin/../lib/gcc/avr/5.4.0/../../../../avr/lib/avr5/crtatmega328p.o
 *(.init2)
 *(.init3)
 *(.init3)
 *(.init4)
 .init4         0x000001d6       0x16 c:/program files (x86)/arduino/hardware/tools/avr/bin/../lib/gcc/avr/5.4.0/avr5\libgcc.a(_copy_data.o)
                0x000001d6                __do_copy_data
 .init4         0x000001ec       0x10 c:/program files (x86)/arduino/hardware/tools/avr/bin/../lib/gcc/avr/5.4.0/avr5\libgcc.a(_clear_bss.o)
                0x000001ec                __do_clear_bss
 *(.init4)
 *(.init5)
 *(.init5)
 *(.init6)
 *(.init6)
 *(.init7)
 *(.init7)
 *(.init8)
 *(.init8)
 *(.init9)
 .init9         0x000001fc        0x8 c:/program files (x86)/arduino/hardware/tools/avr/bin/../lib/gcc/avr/5.4.0/../../../../avr/lib/avr5/crtatmega328p.o
 *(.init9)
 *(.text)
 .text          0x00000204        0x4 c:/program files (x86)/arduino/hardware/tools/avr/bin/../lib/gcc/avr/5.4.0/../../../../avr/lib/avr5/crtatmega328p.o
                0x00000204                __vector_22
                0x00000204                __vector_24
                0x00000204                __vector_12
                0x00000204                __bad_interrupt
                0x00000204                __vector_6
                0x00000204                __vector_3
                0x00000204                __vector_23
                0x00000204                __vector_25
                0x00000204                __vector_11
                0x00000204                __vector_13
                0x00000204                __vector_17
                0x00000204                __vector_19
                0x00000204                __vector_7
                0x00000204                __vector_5
                0x00000204                __vector_4
                0x00000204                __vector_9
                0x00000204                __vector_2
                0x00000204                __vector_21
                0x00000204                __vector_15
                0x00000204                __vector_8
                0x00000204                __vector_14
                0x00000204                __vector_10
                0x00000204                __vector_18
                0x00000204                __vector_20
 .text          0x00000208     0x1a82 main.o
                0x00000208                display_sd_ejected
                0x00000232                init
                0x00000302                is_a_nic
                0x0000032e                is_a_dir
                0x0000034e                create_config_file
                0x00000402                writeBackSub2
                0x0000063a                writeBackSub
                0x000006ca                cancelRead
                0x0000070a                writeBack
                0x000007ec                buffClear
                0x0000082a                init_sd
                0x00000a4a                mount_nic_image
                0x00000d20                swap_nic
                0x00000e5e                configButtons
                0x00000e66                set_speed
                0x000011e8                select_nic
                0x000016e6                find_previous_nic
                0x000018b2                verify_status
 .text          0x00001c8a      0x1ec lcd.o
                0x00001c8a                lcd_port
                0x00001cc6                lcd_cmd
                0x00001cfc                lcd_data
                0x00001d24                lcd_init
                0x00001dac                lcd_clear
                0x00001db8                lcd_gotoxy
                0x00001dc8                lcd_char
                0x00001dcc                lcd_put_s
                0x00001de4                lcd_put_i
                0x00001e1e                lcd_put_l
                0x00001e58                lcd_put_p
 .text          0x00001e76      0x196 SPI_routines.o
                0x00001e76                SPI_init
                0x00001e84                SPI_send_byte_fast
                0x00001eac                SPI_read_byte_fast
                0x00001ee4                SPI_clock_pulse_fast
                0x00001eee                SPI_wait5
                0x00001efe                SPI_send_byte_slow
                0x00001f60                SPI_transmit
                0x00001f76                SPI_read_byte_slow
                0x00001fd6                SPI_receive
                0x00001fe6                SPI_clock_pulse_slow
                0x00001ffe                SPI_fast
                0x00002006                SPI_slow
 .text          0x0000200c      0x438 SD_routines.o
                0x0000200c                SD_getRespFast
                0x00002016                SD_cmdFast
                0x00002084                SD_CMD17Special
                0x000020a0                SD_sendCommand
                0x00002176                SD_readSingleBlock
                0x00002224                SD_writeSingleBlock
                0x000022b6                SD_setBlockSize
                0x000022c0                SD_init
                0x0000242c                SD_led_on
                0x00002432                SD_led_off
                0x00002436                SD_wait_finish
 .text          0x00002444      0x5ee FAT32.o
                0x00002444                FAT_init
                0x0000261e                getNextCluster
                0x000026ea                allocEmptyCluster
                0x00002804                anyFile
                0x0000294c                cd
                0x000029f2                validFile
                0x00002a2a                getFile
 .text          0x00002a32      0x17e sub.o
                0x00002a56                __vector_16
                0x00002aea                __vector_1
 .text          0x00002bb0        0x0 c:/program files (x86)/arduino/hardware/tools/avr/bin/../lib/gcc/avr/5.4.0/avr5\libgcc.a(_udivmodhi4.o)
 .text          0x00002bb0        0x0 c:/program files (x86)/arduino/hardware/tools/avr/bin/../lib/gcc/avr/5.4.0/avr5\libgcc.a(_udivmodsi4.o)
 .text          0x00002bb0        0x0 c:/program files (x86)/arduino/hardware/tools/avr/bin/../lib/gcc/avr/5.4.0/avr5\libgcc.a(_exit.o)
 .text          0x00002bb0        0x0 c:/program files (x86)/arduino/hardware/tools/avr/bin/../lib/gcc/avr/5.4.0/avr5\libgcc.a(_copy_data.o)
 .text          0x00002bb0        0x0 c:/program files (x86)/arduino/hardware/tools/avr/bin/../lib/gcc/avr/5.4.0/avr5\libgcc.a(_clear_bss.o)
 .text          0x00002bb0        0x0 c:/program files (x86)/arduino/hardware/tools/avr/bin/../lib/gcc/avr/5.4.0/avr5\libgcc.a(_umulhisi3.o)
 .text          0x00002bb0        0x0 c:/program files (x86)/arduino/hardware/tools/avr/bin/../lib/gcc/avr/5.4.0/avr5\libgcc.a(_muluhisi3.o)
 .text          0x00002bb0        0x0 c:/program files (x86)/arduino/hardware/tools/avr/bin/../lib/gcc/avr/5.4.0/../../../../avr/lib/avr5\libc.a(strcpy_P.o)
 .text          0x00002bb0        0x0 c:/program files (x86)/arduino/hardware/tools/avr/bin/../lib/gcc/avr/5.4.0/../../../../avr/lib/avr5\libc.a(strncmp_P.o)
 .text          0x00002bb0        0x0 c:/program files (x86)/arduino/hardware/tools/avr/bin/../lib/gcc/avr/5.4.0/../../../../avr/lib/avr5\libc.a(memcmp.o)
 .text          0x00002bb0        0x0 c:/program files (x86)/arduino/hardware/tools/avr/bin/../lib/gcc/avr/5.4.0/../../../../avr/lib/avr5\libc.a(strlcpy.o)
 .text          0x00002bb0        0x0 c:/program files (x86)/arduino/hardware/tools/avr/bin/../lib/gcc/avr/5.4.0/../../../../avr/lib/avr5\libc.a(itoa_ncheck.o)
 .text          0x00002bb0        0x0 c:/program files (x86)/arduino/hardware/tools/avr/bin/../lib/gcc/avr/5.4.0/../../../../avr/lib/avr5\libc.a(ltoa_ncheck.o)
 .text          0x00002bb0        0x0 c:/program files (x86)/arduino/hardware/tools/avr/bin/../lib/gcc/avr/5.4.0/../../../../avr/lib/avr5\libc.a(ultoa_ncheck.o)
 .text          0x00002bb0        0x0 c:/program files (x86)/arduino/hardware/tools/avr/bin/../lib/gcc/avr/5.4.0/../../../../avr/lib/avr5\libc.a(utoa_ncheck.o)
 .text          0x00002bb0        0x0 c:/program files (x86)/arduino/hardware/tools/avr/bin/../lib/gcc/avr/5.4.0/../../../../avr/lib/avr5\libc.a(strrev.o)
 .text          0x00002bb0        0x0 c:/program files (x86)/arduino/hardware/tools/avr/bin/../lib/gcc/avr/5.4.0/../../../../avr/lib/avr5\libatmega328p.a(eerd_byte.o)
 .text          0x00002bb0        0x0 c:/program files (x86)/arduino/hardware/tools/avr/bin/../lib/gcc/avr/5.4.0/../../../../avr/lib/avr5\libatmega328p.a(eewr_byte.o)
                0x00002bb0                . = ALIGN (0x2)
 *(.text.*)
 .text.startup  0x00002bb0      0x22e main.o
                0x00002bb0                main
 .text.libgcc.mul
                0x00002dde        0x0 c:/program files (x86)/arduino/hardware/tools/avr/bin/../lib/gcc/avr/5.4.0/avr5\libgcc.a(_udivmodhi4.o)
 .text.libgcc.div
                0x00002dde       0x28 c:/program files (x86)/arduino/hardware/tools/avr/bin/../lib/gcc/avr/5.4.0/avr5\libgcc.a(_udivmodhi4.o)
                0x00002dde                __udivmodhi4
 .text.libgcc   0x00002e06        0x0 c:/program files (x86)/arduino/hardware/tools/avr/bin/../lib/gcc/avr/5.4.0/avr5\libgcc.a(_udivmodhi4.o)
 .text.libgcc.prologue
                0x00002e06        0x0 c:/program files (x86)/arduino/hardware/tools/avr/bin/../lib/gcc/avr/5.4.0/avr5\libgcc.a(_udivmodhi4.o)
 .text.libgcc.builtins
                0x00002e06        0x0 c:/program files (x86)/arduino/hardware/tools/avr/bin/../lib/gcc/avr/5.4.0/avr5\libgcc.a(_udivmodhi4.o)
 .text.libgcc.fmul
                0x00002e06        0x0 c:/program files (x86)/arduino/hardware/tools/avr/bin/../lib/gcc/avr/5.4.0/avr5\libgcc.a(_udivmodhi4.o)
 .text.libgcc.fixed
                0x00002e06        0x0 c:/program files (x86)/arduino/hardware/tools/avr/bin/../lib/gcc/avr/5.4.0/avr5\libgcc.a(_udivmodhi4.o)
 .text.libgcc.mul
                0x00002e06        0x0 c:/program files (x86)/arduino/hardware/tools/avr/bin/../lib/gcc/avr/5.4.0/avr5\libgcc.a(_udivmodsi4.o)
 .text.libgcc.div
                0x00002e06       0x44 c:/program files (x86)/arduino/hardware/tools/avr/bin/../lib/gcc/avr/5.4.0/avr5\libgcc.a(_udivmodsi4.o)
                0x00002e06                __udivmodsi4
 .text.libgcc   0x00002e4a        0x0 c:/program files (x86)/arduino/hardware/tools/avr/bin/../lib/gcc/avr/5.4.0/avr5\libgcc.a(_udivmodsi4.o)
 .text.libgcc.prologue
                0x00002e4a        0x0 c:/program files (x86)/arduino/hardware/tools/avr/bin/../lib/gcc/avr/5.4.0/avr5\libgcc.a(_udivmodsi4.o)
 .text.libgcc.builtins
                0x00002e4a        0x0 c:/program files (x86)/arduino/hardware/tools/avr/bin/../lib/gcc/avr/5.4.0/avr5\libgcc.a(_udivmodsi4.o)
 .text.libgcc.fmul
                0x00002e4a        0x0 c:/program files (x86)/arduino/hardware/tools/avr/bin/../lib/gcc/avr/5.4.0/avr5\libgcc.a(_udivmodsi4.o)
 .text.libgcc.fixed
                0x00002e4a        0x0 c:/program files (x86)/arduino/hardware/tools/avr/bin/../lib/gcc/avr/5.4.0/avr5\libgcc.a(_udivmodsi4.o)
 .text.libgcc.mul
                0x00002e4a        0x0 c:/program files (x86)/arduino/hardware/tools/avr/bin/../lib/gcc/avr/5.4.0/avr5\libgcc.a(_exit.o)
 .text.libgcc.div
                0x00002e4a        0x0 c:/program files (x86)/arduino/hardware/tools/avr/bin/../lib/gcc/avr/5.4.0/avr5\libgcc.a(_exit.o)
 .text.libgcc   0x00002e4a        0x0 c:/program files (x86)/arduino/hardware/tools/avr/bin/../lib/gcc/avr/5.4.0/avr5\libgcc.a(_exit.o)
 .text.libgcc.prologue
                0x00002e4a        0x0 c:/program files (x86)/arduino/hardware/tools/avr/bin/../lib/gcc/avr/5.4.0/avr5\libgcc.a(_exit.o)
 .text.libgcc.builtins
                0x00002e4a        0x0 c:/program files (x86)/arduino/hardware/tools/avr/bin/../lib/gcc/avr/5.4.0/avr5\libgcc.a(_exit.o)
 .text.libgcc.fmul
                0x00002e4a        0x0 c:/program files (x86)/arduino/hardware/tools/avr/bin/../lib/gcc/avr/5.4.0/avr5\libgcc.a(_exit.o)
 .text.libgcc.fixed
                0x00002e4a        0x0 c:/program files (x86)/arduino/hardware/tools/avr/bin/../lib/gcc/avr/5.4.0/avr5\libgcc.a(_exit.o)
 .text.libgcc.mul
                0x00002e4a        0x0 c:/program files (x86)/arduino/hardware/tools/avr/bin/../lib/gcc/avr/5.4.0/avr5\libgcc.a(_copy_data.o)
 .text.libgcc.div
                0x00002e4a        0x0 c:/program files (x86)/arduino/hardware/tools/avr/bin/../lib/gcc/avr/5.4.0/avr5\libgcc.a(_copy_data.o)
 .text.libgcc   0x00002e4a        0x0 c:/program files (x86)/arduino/hardware/tools/avr/bin/../lib/gcc/avr/5.4.0/avr5\libgcc.a(_copy_data.o)
 .text.libgcc.prologue
                0x00002e4a        0x0 c:/program files (x86)/arduino/hardware/tools/avr/bin/../lib/gcc/avr/5.4.0/avr5\libgcc.a(_copy_data.o)
 .text.libgcc.builtins
                0x00002e4a        0x0 c:/program files (x86)/arduino/hardware/tools/avr/bin/../lib/gcc/avr/5.4.0/avr5\libgcc.a(_copy_data.o)
 .text.libgcc.fmul
                0x00002e4a        0x0 c:/program files (x86)/arduino/hardware/tools/avr/bin/../lib/gcc/avr/5.4.0/avr5\libgcc.a(_copy_data.o)
 .text.libgcc.fixed
                0x00002e4a        0x0 c:/program files (x86)/arduino/hardware/tools/avr/bin/../lib/gcc/avr/5.4.0/avr5\libgcc.a(_copy_data.o)
 .text.libgcc.mul
                0x00002e4a        0x0 c:/program files (x86)/arduino/hardware/tools/avr/bin/../lib/gcc/avr/5.4.0/avr5\libgcc.a(_clear_bss.o)
 .text.libgcc.div
                0x00002e4a        0x0 c:/program files (x86)/arduino/hardware/tools/avr/bin/../lib/gcc/avr/5.4.0/avr5\libgcc.a(_clear_bss.o)
 .text.libgcc   0x00002e4a        0x0 c:/program files (x86)/arduino/hardware/tools/avr/bin/../lib/gcc/avr/5.4.0/avr5\libgcc.a(_clear_bss.o)
 .text.libgcc.prologue
                0x00002e4a        0x0 c:/program files (x86)/arduino/hardware/tools/avr/bin/../lib/gcc/avr/5.4.0/avr5\libgcc.a(_clear_bss.o)
 .text.libgcc.builtins
                0x00002e4a        0x0 c:/program files (x86)/arduino/hardware/tools/avr/bin/../lib/gcc/avr/5.4.0/avr5\libgcc.a(_clear_bss.o)
 .text.libgcc.fmul
                0x00002e4a        0x0 c:/program files (x86)/arduino/hardware/tools/avr/bin/../lib/gcc/avr/5.4.0/avr5\libgcc.a(_clear_bss.o)
 .text.libgcc.fixed
                0x00002e4a        0x0 c:/program files (x86)/arduino/hardware/tools/avr/bin/../lib/gcc/avr/5.4.0/avr5\libgcc.a(_clear_bss.o)
 .text.libgcc.mul
                0x00002e4a       0x1e c:/program files (x86)/arduino/hardware/tools/avr/bin/../lib/gcc/avr/5.4.0/avr5\libgcc.a(_umulhisi3.o)
                0x00002e4a                __umulhisi3
 .text.libgcc.div
                0x00002e68        0x0 c:/program files (x86)/arduino/hardware/tools/avr/bin/../lib/gcc/avr/5.4.0/avr5\libgcc.a(_umulhisi3.o)
 .text.libgcc   0x00002e68        0x0 c:/program files (x86)/arduino/hardware/tools/avr/bin/../lib/gcc/avr/5.4.0/avr5\libgcc.a(_umulhisi3.o)
 .text.libgcc.prologue
                0x00002e68        0x0 c:/program files (x86)/arduino/hardware/tools/avr/bin/../lib/gcc/avr/5.4.0/avr5\libgcc.a(_umulhisi3.o)
 .text.libgcc.builtins
                0x00002e68        0x0 c:/program files (x86)/arduino/hardware/tools/avr/bin/../lib/gcc/avr/5.4.0/avr5\libgcc.a(_umulhisi3.o)
 .text.libgcc.fmul
                0x00002e68        0x0 c:/program files (x86)/arduino/hardware/tools/avr/bin/../lib/gcc/avr/5.4.0/avr5\libgcc.a(_umulhisi3.o)
 .text.libgcc.fixed
                0x00002e68        0x0 c:/program files (x86)/arduino/hardware/tools/avr/bin/../lib/gcc/avr/5.4.0/avr5\libgcc.a(_umulhisi3.o)
 .text.libgcc.mul
                0x00002e68       0x16 c:/program files (x86)/arduino/hardware/tools/avr/bin/../lib/gcc/avr/5.4.0/avr5\libgcc.a(_muluhisi3.o)
                0x00002e68                __muluhisi3
 .text.libgcc.div
                0x00002e7e        0x0 c:/program files (x86)/arduino/hardware/tools/avr/bin/../lib/gcc/avr/5.4.0/avr5\libgcc.a(_muluhisi3.o)
 .text.libgcc   0x00002e7e        0x0 c:/program files (x86)/arduino/hardware/tools/avr/bin/../lib/gcc/avr/5.4.0/avr5\libgcc.a(_muluhisi3.o)
 .text.libgcc.prologue
                0x00002e7e        0x0 c:/program files (x86)/arduino/hardware/tools/avr/bin/../lib/gcc/avr/5.4.0/avr5\libgcc.a(_muluhisi3.o)
 .text.libgcc.builtins
                0x00002e7e        0x0 c:/program files (x86)/arduino/hardware/tools/avr/bin/../lib/gcc/avr/5.4.0/avr5\libgcc.a(_muluhisi3.o)
 .text.libgcc.fmul
                0x00002e7e        0x0 c:/program files (x86)/arduino/hardware/tools/avr/bin/../lib/gcc/avr/5.4.0/avr5\libgcc.a(_muluhisi3.o)
 .text.libgcc.fixed
                0x00002e7e        0x0 c:/program files (x86)/arduino/hardware/tools/avr/bin/../lib/gcc/avr/5.4.0/avr5\libgcc.a(_muluhisi3.o)
 .text.avr-libc
                0x00002e7e        0xe c:/program files (x86)/arduino/hardware/tools/avr/bin/../lib/gcc/avr/5.4.0/../../../../avr/lib/avr5\libc.a(strcpy_P.o)
                0x00002e7e                strcpy_P
 .text.avr-libc
                0x00002e8c       0x1c c:/program files (x86)/arduino/hardware/tools/avr/bin/../lib/gcc/avr/5.4.0/../../../../avr/lib/avr5\libc.a(strncmp_P.o)
                0x00002e8c                strncmp_P
 .text.avr-libc
                0x00002ea8       0x1a c:/program files (x86)/arduino/hardware/tools/avr/bin/../lib/gcc/avr/5.4.0/../../../../avr/lib/avr5\libc.a(memcmp.o)
                0x00002ea8                memcmp
 .text.avr-libc
                0x00002ec2       0x28 c:/program files (x86)/arduino/hardware/tools/avr/bin/../lib/gcc/avr/5.4.0/../../../../avr/lib/avr5\libc.a(strlcpy.o)
                0x00002ec2                strlcpy
 .text.avr-libc
                0x00002eea       0x16 c:/program files (x86)/arduino/hardware/tools/avr/bin/../lib/gcc/avr/5.4.0/../../../../avr/lib/avr5\libc.a(itoa_ncheck.o)
                0x00002eea                __itoa_ncheck
 .text.avr-libc
                0x00002f00       0x1e c:/program files (x86)/arduino/hardware/tools/avr/bin/../lib/gcc/avr/5.4.0/../../../../avr/lib/avr5\libc.a(ltoa_ncheck.o)
                0x00002f00                __ltoa_ncheck
 .text.avr-libc
                0x00002f1e       0x44 c:/program files (x86)/arduino/hardware/tools/avr/bin/../lib/gcc/avr/5.4.0/../../../../avr/lib/avr5\libc.a(ultoa_ncheck.o)
                0x00002f1e                __ultoa_ncheck
                0x00002f20                __ultoa_common
 .text.avr-libc
                0x00002f62       0x34 c:/program files (x86)/arduino/hardware/tools/avr/bin/../lib/gcc/avr/5.4.0/../../../../avr/lib/avr5\libc.a(utoa_ncheck.o)
                0x00002f62                __utoa_ncheck
                0x00002f64                __utoa_common
 .text.avr-libc
                0x00002f96       0x20 c:/program files (x86)/arduino/hardware/tools/avr/bin/../lib/gcc/avr/5.4.0/../../../../avr/lib/avr5\libc.a(strrev.o)
                0x00002f96                strrev
 .text.avr-libc
                0x00002fb6       0x10 c:/program files (x86)/arduino/hardware/tools/avr/bin/../lib/gcc/avr/5.4.0/../../../../avr/lib/avr5\libatmega328p.a(eerd_byte.o)
                0x00002fb6                eeprom_read_byte
 .text.avr-libc
                0x00002fc6       0x1c c:/program files (x86)/arduino/hardware/tools/avr/bin/../lib/gcc/avr/5.4.0/../../../../avr/lib/avr5\libatmega328p.a(eewr_byte.o)
                0x00002fc6                eeprom_write_byte
                0x00002fc8                eeprom_write_r18
                0x00002fe2                . = ALIGN (0x2)
 *(.fini9)
 .fini9         0x00002fe2        0x0 c:/program files (x86)/arduino/hardware/tools/avr/bin/../lib/gcc/avr/5.4.0/avr5\libgcc.a(_exit.o)
                0x00002fe2                _exit
                0x00002fe2                exit
 *(.fini9)
 *(.fini8)
 *(.fini8)
 *(.fini7)
 *(.fini7)
 *(.fini6)
 *(.fini6)
 *(.fini5)
 *(.fini5)
 *(.fini4)
 *(.fini4)
 *(.fini3)
 *(.fini3)
 *(.fini2)
 *(.fini2)
 *(.fini1)
 *(.fini1)
 *(.fini0)
 .fini0         0x00002fe2        0x4 c:/program files (x86)/arduino/hardware/tools/avr/bin/../lib/gcc/avr/5.4.0/avr5\libgcc.a(_exit.o)
 *(.fini0)
                0x00002fe6                _etext = .

.data           0x00800100        0xa load address 0x00002fe6
                0x00800100                PROVIDE (__data_start, .)
 *(.data)
 .data          0x00800100        0x0 c:/program files (x86)/arduino/hardware/tools/avr/bin/../lib/gcc/avr/5.4.0/../../../../avr/lib/avr5/crtatmega328p.o
 .data          0x00800100        0x2 main.o
                0x00800100                id_of_config_file
 .data          0x00800102        0x0 lcd.o
 .data          0x00800102        0x0 SPI_routines.o
 .data          0x00800102        0x0 SD_routines.o
 .data          0x00800102        0x0 FAT32.o
 .data          0x00800102        0x0 sub.o
 .data          0x00800102        0x0 c:/program files (x86)/arduino/hardware/tools/avr/bin/../lib/gcc/avr/5.4.0/avr5\libgcc.a(_udivmodhi4.o)
 .data          0x00800102        0x0 c:/program files (x86)/arduino/hardware/tools/avr/bin/../lib/gcc/avr/5.4.0/avr5\libgcc.a(_udivmodsi4.o)
 .data          0x00800102        0x0 c:/program files (x86)/arduino/hardware/tools/avr/bin/../lib/gcc/avr/5.4.0/avr5\libgcc.a(_exit.o)
 .data          0x00800102        0x0 c:/program files (x86)/arduino/hardware/tools/avr/bin/../lib/gcc/avr/5.4.0/avr5\libgcc.a(_copy_data.o)
 .data          0x00800102        0x0 c:/program files (x86)/arduino/hardware/tools/avr/bin/../lib/gcc/avr/5.4.0/avr5\libgcc.a(_clear_bss.o)
 .data          0x00800102        0x0 c:/program files (x86)/arduino/hardware/tools/avr/bin/../lib/gcc/avr/5.4.0/avr5\libgcc.a(_umulhisi3.o)
 .data          0x00800102        0x0 c:/program files (x86)/arduino/hardware/tools/avr/bin/../lib/gcc/avr/5.4.0/avr5\libgcc.a(_muluhisi3.o)
 .data          0x00800102        0x0 c:/program files (x86)/arduino/hardware/tools/avr/bin/../lib/gcc/avr/5.4.0/../../../../avr/lib/avr5\libc.a(strcpy_P.o)
 .data          0x00800102        0x0 c:/program files (x86)/arduino/hardware/tools/avr/bin/../lib/gcc/avr/5.4.0/../../../../avr/lib/avr5\libc.a(strncmp_P.o)
 .data          0x00800102        0x0 c:/program files (x86)/arduino/hardware/tools/avr/bin/../lib/gcc/avr/5.4.0/../../../../avr/lib/avr5\libc.a(memcmp.o)
 .data          0x00800102        0x0 c:/program files (x86)/arduino/hardware/tools/avr/bin/../lib/gcc/avr/5.4.0/../../../../avr/lib/avr5\libc.a(strlcpy.o)
 .data          0x00800102        0x0 c:/program files (x86)/arduino/hardware/tools/avr/bin/../lib/gcc/avr/5.4.0/../../../../avr/lib/avr5\libc.a(itoa_ncheck.o)
 .data          0x00800102        0x0 c:/program files (x86)/arduino/hardware/tools/avr/bin/../lib/gcc/avr/5.4.0/../../../../avr/lib/avr5\libc.a(ltoa_ncheck.o)
 .data          0x00800102        0x0 c:/program files (x86)/arduino/hardware/tools/avr/bin/../lib/gcc/avr/5.4.0/../../../../avr/lib/avr5\libc.a(ultoa_ncheck.o)
 .data          0x00800102        0x0 c:/program files (x86)/arduino/hardware/tools/avr/bin/../lib/gcc/avr/5.4.0/../../../../avr/lib/avr5\libc.a(utoa_ncheck.o)
 .data          0x00800102        0x0 c:/program files (x86)/arduino/hardware/tools/avr/bin/../lib/gcc/avr/5.4.0/../../../../avr/lib/avr5\libc.a(strrev.o)
 .data          0x00800102        0x0 c:/program files (x86)/arduino/hardware/tools/avr/bin/../lib/gcc/avr/5.4.0/../../../../avr/lib/avr5\libatmega328p.a(eerd_byte.o)
 .data          0x00800102        0x0 c:/program files (x86)/arduino/hardware/tools/avr/bin/../lib/gcc/avr/5.4.0/../../../../avr/lib/avr5\libatmega328p.a(eewr_byte.o)
 *(.data*)
 *(.gnu.linkonce.d*)
 *(.rodata)
 .rodata        0x00800102        0x1 main.o
                0x00800102                volume
 *(.rodata*)
 .rodata.str1.1
                0x00800103        0x6 main.o
 *(.gnu.linkonce.r*)
                0x0080010a                . = ALIGN (0x2)
 *fill*         0x00800109        0x1 
                0x0080010a                _edata = .
                0x0080010a                PROVIDE (__data_end, .)

.bss            0x0080010a      0x74d
                0x0080010a                PROVIDE (__bss_start, .)
 *(.bss)
 .bss           0x0080010a        0x0 c:/program files (x86)/arduino/hardware/tools/avr/bin/../lib/gcc/avr/5.4.0/../../../../avr/lib/avr5/crtatmega328p.o
 .bss           0x0080010a        0x6 main.o
                0x0080010a                selected_file_id
                0x0080010c                nfiles
 .bss           0x00800110        0x0 lcd.o
 .bss           0x00800110        0x0 SPI_routines.o
 .bss           0x00800110        0x0 SD_routines.o
 .bss           0x00800110        0x0 FAT32.o
 .bss           0x00800110        0x0 sub.o
 .bss           0x00800110        0x0 c:/program files (x86)/arduino/hardware/tools/avr/bin/../lib/gcc/avr/5.4.0/avr5\libgcc.a(_udivmodhi4.o)
 .bss           0x00800110        0x0 c:/program files (x86)/arduino/hardware/tools/avr/bin/../lib/gcc/avr/5.4.0/avr5\libgcc.a(_udivmodsi4.o)
 .bss           0x00800110        0x0 c:/program files (x86)/arduino/hardware/tools/avr/bin/../lib/gcc/avr/5.4.0/avr5\libgcc.a(_exit.o)
 .bss           0x00800110        0x0 c:/program files (x86)/arduino/hardware/tools/avr/bin/../lib/gcc/avr/5.4.0/avr5\libgcc.a(_copy_data.o)
 .bss           0x00800110        0x0 c:/program files (x86)/arduino/hardware/tools/avr/bin/../lib/gcc/avr/5.4.0/avr5\libgcc.a(_clear_bss.o)
 .bss           0x00800110        0x0 c:/program files (x86)/arduino/hardware/tools/avr/bin/../lib/gcc/avr/5.4.0/avr5\libgcc.a(_umulhisi3.o)
 .bss           0x00800110        0x0 c:/program files (x86)/arduino/hardware/tools/avr/bin/../lib/gcc/avr/5.4.0/avr5\libgcc.a(_muluhisi3.o)
 .bss           0x00800110        0x0 c:/program files (x86)/arduino/hardware/tools/avr/bin/../lib/gcc/avr/5.4.0/../../../../avr/lib/avr5\libc.a(strcpy_P.o)
 .bss           0x00800110        0x0 c:/program files (x86)/arduino/hardware/tools/avr/bin/../lib/gcc/avr/5.4.0/../../../../avr/lib/avr5\libc.a(strncmp_P.o)
 .bss           0x00800110        0x0 c:/program files (x86)/arduino/hardware/tools/avr/bin/../lib/gcc/avr/5.4.0/../../../../avr/lib/avr5\libc.a(memcmp.o)
 .bss           0x00800110        0x0 c:/program files (x86)/arduino/hardware/tools/avr/bin/../lib/gcc/avr/5.4.0/../../../../avr/lib/avr5\libc.a(strlcpy.o)
 .bss           0x00800110        0x0 c:/program files (x86)/arduino/hardware/tools/avr/bin/../lib/gcc/avr/5.4.0/../../../../avr/lib/avr5\libc.a(itoa_ncheck.o)
 .bss           0x00800110        0x0 c:/program files (x86)/arduino/hardware/tools/avr/bin/../lib/gcc/avr/5.4.0/../../../../avr/lib/avr5\libc.a(ltoa_ncheck.o)
 .bss           0x00800110        0x0 c:/program files (x86)/arduino/hardware/tools/avr/bin/../lib/gcc/avr/5.4.0/../../../../avr/lib/avr5\libc.a(ultoa_ncheck.o)
 .bss           0x00800110        0x0 c:/program files (x86)/arduino/hardware/tools/avr/bin/../lib/gcc/avr/5.4.0/../../../../avr/lib/avr5\libc.a(utoa_ncheck.o)
 .bss           0x00800110        0x0 c:/program files (x86)/arduino/hardware/tools/avr/bin/../lib/gcc/avr/5.4.0/../../../../avr/lib/avr5\libc.a(strrev.o)
 .bss           0x00800110        0x0 c:/program files (x86)/arduino/hardware/tools/avr/bin/../lib/gcc/avr/5.4.0/../../../../avr/lib/avr5\libatmega328p.a(eerd_byte.o)
 .bss           0x00800110        0x0 c:/program files (x86)/arduino/hardware/tools/avr/bin/../lib/gcc/avr/5.4.0/../../../../avr/lib/avr5\libatmega328p.a(eewr_byte.o)
 *(.bss*)
 *(COMMON)
 COMMON         0x00800110      0x723 main.o
                0x00800110                sectors
                0x00800115                buffNum
                0x00800116                tracks
                0x0080011b                old_trk
                0x0080011c                long_cluster
                0x0080011e                formatting
                0x0080011f                writeData
                0x008007f5                bitbyte
                0x008007f7                sector
                0x008007f8                ft
                0x008007fc                flip_buttons
                0x008007fd                magState
                0x008007fe                long_sector
                0x00800800                lcd_contrast
                0x00800801                files_id
                0x00800803                ph_track
                0x00800804                prepare
                0x00800805                writePtr
                0x00800807                fatNic
                0x0080082f                protect
                0x00800830                readPulse
                0x00800831                inited
                0x00800832                trk
 COMMON         0x00800833        0x2 SPI_routines.o
                0x00800833                fast
                0x00800834                errorCode
 COMMON         0x00800835        0xd SD_routines.o
                0x00800835                shift
                0x00800836                SD_speed
                0x00800837                lastBlockRead
                0x0080083b                buffer
                0x0080083d                SDHC_flag
                0x0080083e                count
                0x0080083f                SD_version
                0x00800840                res
                0x00800841                ch
 COMMON         0x00800842       0x15 FAT32.o
                0x00800842                FAT_firstDataSector
                0x00800846                FAT_partitionType
                0x00800847                FAT_sectorOfRootDirectory
                0x0080084b                FAT_sectorOfCurrentDirectory
                0x0080084f                FAT_bytesPerSector
                0x00800851                FAT_offset
                0x00800855                FAT_sectorsPerCluster
                0x00800856                FAT_sectorsPerClusterBitShift
                0x00800857                PROVIDE (__bss_end, .)
                0x00002fe6                __data_load_start = LOADADDR (.data)
                0x00002ff0                __data_load_end = (__data_load_start + SIZEOF (.data))

.noinit         0x00800857        0x0
                [!provide]                PROVIDE (__noinit_start, .)
 *(.noinit*)
                [!provide]                PROVIDE (__noinit_end, .)
                0x00800857                _end = .
                [!provide]                PROVIDE (__heap_start, .)

.eeprom         0x00810000        0x0
 *(.eeprom*)
                0x00810000                __eeprom_end = .

.fuse
 *(.fuse)
 *(.lfuse)
 *(.hfuse)
 *(.efuse)

.lock
 *(.lock*)

.signature
 *(.signature*)

.user_signatures
 *(.user_signatures*)

.stab
 *(.stab)

.stabstr
 *(.stabstr)

.stab.excl
 *(.stab.excl)

.stab.exclstr
 *(.stab.exclstr)

.stab.index
 *(.stab.index)

.stab.indexstr
 *(.stab.indexstr)

.comment        0x00000000       0x11
 *(.comment)
 .comment       0x00000000       0x11 main.o
                                 0x12 (size before relaxing)
 .comment       0x00000011       0x12 lcd.o
 .comment       0x00000011       0x12 SPI_routines.o
 .comment       0x00000011       0x12 SD_routines.o
 .comment       0x00000011       0x12 FAT32.o

.note.gnu.avr.deviceinfo
                0x00000000       0x40
 .note.gnu.avr.deviceinfo
                0x00000000       0x40 c:/program files (x86)/arduino/hardware/tools/avr/bin/../lib/gcc/avr/5.4.0/../../../../avr/lib/avr5/crtatmega328p.o

.note.gnu.build-id
 *(.note.gnu.build-id)

.debug
 *(.debug)

.line
 *(.line)

.debug_srcinfo
 *(.debug_srcinfo)

.debug_sfnames
 *(.debug_sfnames)

.debug_aranges  0x00000000       0xe0
 *(.debug_aranges)
 .debug_aranges
                0x00000000       0x20 c:/program files (x86)/arduino/hardware/tools/avr/bin/../lib/gcc/avr/5.4.0/avr5\libgcc.a(_udivmodhi4.o)
 .debug_aranges
                0x00000020       0x20 c:/program files (x86)/arduino/hardware/tools/avr/bin/../lib/gcc/avr/5.4.0/avr5\libgcc.a(_udivmodsi4.o)
 .debug_aranges
                0x00000040       0x20 c:/program files (x86)/arduino/hardware/tools/avr/bin/../lib/gcc/avr/5.4.0/avr5\libgcc.a(_exit.o)
 .debug_aranges
                0x00000060       0x20 c:/program files (x86)/arduino/hardware/tools/avr/bin/../lib/gcc/avr/5.4.0/avr5\libgcc.a(_copy_data.o)
 .debug_aranges
                0x00000080       0x20 c:/program files (x86)/arduino/hardware/tools/avr/bin/../lib/gcc/avr/5.4.0/avr5\libgcc.a(_clear_bss.o)
 .debug_aranges
                0x000000a0       0x20 c:/program files (x86)/arduino/hardware/tools/avr/bin/../lib/gcc/avr/5.4.0/avr5\libgcc.a(_umulhisi3.o)
 .debug_aranges
                0x000000c0       0x20 c:/program files (x86)/arduino/hardware/tools/avr/bin/../lib/gcc/avr/5.4.0/avr5\libgcc.a(_muluhisi3.o)

.debug_pubnames
 *(.debug_pubnames)

.debug_info     0x00000000      0xb11
 *(.debug_info .gnu.linkonce.wi.*)
 .debug_info    0x00000000      0x5f4 c:/program files (x86)/arduino/hardware/tools/avr/bin/../lib/gcc/avr/5.4.0/../../../../avr/lib/avr5/crtatmega328p.o
 .debug_info    0x000005f4       0xbb c:/program files (x86)/arduino/hardware/tools/avr/bin/../lib/gcc/avr/5.4.0/avr5\libgcc.a(_udivmodhi4.o)
 .debug_info    0x000006af       0xbb c:/program files (x86)/arduino/hardware/tools/avr/bin/../lib/gcc/avr/5.4.0/avr5\libgcc.a(_udivmodsi4.o)
 .debug_info    0x0000076a       0xbb c:/program files (x86)/arduino/hardware/tools/avr/bin/../lib/gcc/avr/5.4.0/avr5\libgcc.a(_exit.o)
 .debug_info    0x00000825       0xbb c:/program files (x86)/arduino/hardware/tools/avr/bin/../lib/gcc/avr/5.4.0/avr5\libgcc.a(_copy_data.o)
 .debug_info    0x000008e0       0xbb c:/program files (x86)/arduino/hardware/tools/avr/bin/../lib/gcc/avr/5.4.0/avr5\libgcc.a(_clear_bss.o)
 .debug_info    0x0000099b       0xbb c:/program files (x86)/arduino/hardware/tools/avr/bin/../lib/gcc/avr/5.4.0/avr5\libgcc.a(_umulhisi3.o)
 .debug_info    0x00000a56       0xbb c:/program files (x86)/arduino/hardware/tools/avr/bin/../lib/gcc/avr/5.4.0/avr5\libgcc.a(_muluhisi3.o)

.debug_abbrev   0x00000000      0x62e
 *(.debug_abbrev)
 .debug_abbrev  0x00000000      0x5a2 c:/program files (x86)/arduino/hardware/tools/avr/bin/../lib/gcc/avr/5.4.0/../../../../avr/lib/avr5/crtatmega328p.o
 .debug_abbrev  0x000005a2       0x14 c:/program files (x86)/arduino/hardware/tools/avr/bin/../lib/gcc/avr/5.4.0/avr5\libgcc.a(_udivmodhi4.o)
 .debug_abbrev  0x000005b6       0x14 c:/program files (x86)/arduino/hardware/tools/avr/bin/../lib/gcc/avr/5.4.0/avr5\libgcc.a(_udivmodsi4.o)
 .debug_abbrev  0x000005ca       0x14 c:/program files (x86)/arduino/hardware/tools/avr/bin/../lib/gcc/avr/5.4.0/avr5\libgcc.a(_exit.o)
 .debug_abbrev  0x000005de       0x14 c:/program files (x86)/arduino/hardware/tools/avr/bin/../lib/gcc/avr/5.4.0/avr5\libgcc.a(_copy_data.o)
 .debug_abbrev  0x000005f2       0x14 c:/program files (x86)/arduino/hardware/tools/avr/bin/../lib/gcc/avr/5.4.0/avr5\libgcc.a(_clear_bss.o)
 .debug_abbrev  0x00000606       0x14 c:/program files (x86)/arduino/hardware/tools/avr/bin/../lib/gcc/avr/5.4.0/avr5\libgcc.a(_umulhisi3.o)
 .debug_abbrev  0x0000061a       0x14 c:/program files (x86)/arduino/hardware/tools/avr/bin/../lib/gcc/avr/5.4.0/avr5\libgcc.a(_muluhisi3.o)

.debug_line     0x00000000      0x4cc
 *(.debug_line .debug_line.* .debug_line_end)
 .debug_line    0x00000000       0x1a c:/program files (x86)/arduino/hardware/tools/avr/bin/../lib/gcc/avr/5.4.0/../../../../avr/lib/avr5/crtatmega328p.o
 .debug_line    0x0000001a       0xce c:/program files (x86)/arduino/hardware/tools/avr/bin/../lib/gcc/avr/5.4.0/avr5\libgcc.a(_udivmodhi4.o)
 .debug_line    0x000000e8      0x122 c:/program files (x86)/arduino/hardware/tools/avr/bin/../lib/gcc/avr/5.4.0/avr5\libgcc.a(_udivmodsi4.o)
 .debug_line    0x0000020a       0x62 c:/program files (x86)/arduino/hardware/tools/avr/bin/../lib/gcc/avr/5.4.0/avr5\libgcc.a(_exit.o)
 .debug_line    0x0000026c       0x98 c:/program files (x86)/arduino/hardware/tools/avr/bin/../lib/gcc/avr/5.4.0/avr5\libgcc.a(_copy_data.o)
 .debug_line    0x00000304       0x86 c:/program files (x86)/arduino/hardware/tools/avr/bin/../lib/gcc/avr/5.4.0/avr5\libgcc.a(_clear_bss.o)
 .debug_line    0x0000038a       0xb0 c:/program files (x86)/arduino/hardware/tools/avr/bin/../lib/gcc/avr/5.4.0/avr5\libgcc.a(_umulhisi3.o)
 .debug_line    0x0000043a       0x92 c:/program files (x86)/arduino/hardware/tools/avr/bin/../lib/gcc/avr/5.4.0/avr5\libgcc.a(_muluhisi3.o)

.debug_frame
 *(.debug_frame)

.debug_str      0x00000000      0x208
 *(.debug_str)
 .debug_str     0x00000000      0x208 c:/program files (x86)/arduino/hardware/tools/avr/bin/../lib/gcc/avr/5.4.0/../../../../avr/lib/avr5/crtatmega328p.o

.debug_loc
 *(.debug_loc)

.debug_macinfo
 *(.debug_macinfo)

.debug_weaknames
 *(.debug_weaknames)

.debug_funcnames
 *(.debug_funcnames)

.debug_typenames
 *(.debug_typenames)

.debug_varnames
 *(.debug_varnames)

.debug_pubtypes
 *(.debug_pubtypes)

.debug_ranges
 *(.debug_ranges)

.debug_macro
 *(.debug_macro)
OUTPUT(sdisk2_original.elf elf32-avr)
LOAD linker stubs
